<?xml version="1.0" encoding="UTF-8"?>
<testsuites name="Mocha Tests" time="2.489" tests="3" failures="1">
  <testsuite name="Root Suite" timestamp="2024-08-07T17:35:07" tests="0" time="0.000" failures="0">
  </testsuite>
  <testsuite name="endGame" timestamp="2024-08-07T17:35:07" tests="3" file="/Users/danachang/Documents/GitHub/TallyBackendAutomatedTesting/test/endGame.js" time="2.489" failures="1">
    <testcase name="endGame POST /endGame success" time="1.980" classname="POST /endGame success">
    </testcase>
    <testcase name="endGame POST /endGame missing gameSessionId" time="0.192" classname="POST /endGame missing gameSessionId">
    </testcase>
    <testcase name="endGame POST /endGame nonexist gameSessionId" time="0.312" classname="POST /endGame nonexist gameSessionId">
      <failure message="expected undefined to equal &apos;Failed to process the request.&apos;" type="AssertionError"><![CDATA[AssertionError: expected undefined to equal 'Failed to process the request.'
    at file:///Users/danachang/Documents/GitHub/TallyBackendAutomatedTesting/test/endGame.js:46:47
    at process.processTicksAndRejections (node:internal/process/task_queues:95:5)

      + expected - actual:  failed to generate Mocha diff
]]></failure>
    </testcase>
  </testsuite>
</testsuites>